<html>
<body>
<pre>
<h1>µVision Build Log</h1>
<h2>Project:</h2>
D:\STMCode\Template\Project\STM32F0xx_StdPeriph_Templates\MDK-ARM\Project.uvproj
Project File Date:  06/08/2013

<h2>Output:</h2>
Build target 'STM320518-EVAL'
compiling stm32f0xx_it.c...
compiling main.cpp...
..\main.cpp(17): warning:  #550-D: variable "Init" was set but never used
compiling stm32f0xx_adc.c...
compiling stm32f0xx_crc.c...
compiling stm32f0xx_dac.c...
compiling stm32f0xx_dma.c...
compiling stm32f0xx_gpio.c...
compiling stm32f0xx_i2c.c...
compiling stm32f0xx_misc.c...
compiling stm32f0xx_rcc.c...
compiling stm32f0xx_spi.c...
compiling stm32f0xx_tim.c...
compiling stm32f0xx_usart.c...
compiling system_stm32f0xx.c...
assembling startup_stm32f0xx.s...
linking...
Program Size: Code=764 RO-data=224 RW-data=16 ZI-data=1056  
".\STM320518\STM320518-EVAL.axf" - 0 Error(s), 1 Warning(s).
Build target 'STM320518-EVAL'
compiling main.cpp...
linking...
Program Size: Code=884 RO-data=224 RW-data=16 ZI-data=1056  
".\STM320518\STM320518-EVAL.axf" - 0 Error(s), 0 Warning(s).
Build target 'STM320518-EVAL'
compiling stm32f0xx_it.c...
compiling main.cpp...
compiling stm32f0xx_adc.c...
compiling stm32f0xx_crc.c...
compiling stm32f0xx_dac.c...
compiling stm32f0xx_dma.c...
compiling stm32f0xx_gpio.c...
compiling stm32f0xx_i2c.c...
compiling stm32f0xx_misc.c...
compiling stm32f0xx_rcc.c...
compiling stm32f0xx_spi.c...
compiling stm32f0xx_tim.c...
compiling stm32f0xx_usart.c...
compiling system_stm32f0xx.c...
assembling startup_stm32f0xx.s...
linking...
Program Size: Code=1556 RO-data=224 RW-data=16 ZI-data=1056  
".\STM320518\STM320518-EVAL.axf" - 0 Error(s), 0 Warning(s).
Load "D:\\STMCode\\Template\\Project\\STM32F0xx_StdPeriph_Templates\\MDK-ARM\\STM320518\\STM320518-EVAL.axf" 
Erase Done.
Programming Done.
Verify OK.
Load "D:\\STMCode\\Template\\Project\\STM32F0xx_StdPeriph_Templates\\MDK-ARM\\STM320518\\STM320518-EVAL.axf" 
Load "D:\\STMCode\\Template\\Project\\STM32F0xx_StdPeriph_Templates\\MDK-ARM\\STM320518\\STM320518-EVAL.axf" 
Build target 'STM320518-EVAL'
compiling main.cpp...
linking...
Program Size: Code=1556 RO-data=224 RW-data=16 ZI-data=1056  
".\STM320518\STM320518-EVAL.axf" - 0 Error(s), 0 Warning(s).
Load "D:\\STMCode\\Template\\Project\\STM32F0xx_StdPeriph_Templates\\MDK-ARM\\STM320518\\STM320518-EVAL.axf" 
Erase Done.
Programming Done.
Verify OK.
Build target 'STM320518-EVAL'
compiling main.cpp...
linking...
Program Size: Code=1488 RO-data=224 RW-data=16 ZI-data=1056  
".\STM320518\STM320518-EVAL.axf" - 0 Error(s), 0 Warning(s).
Load "D:\\STMCode\\Template\\Project\\STM32F0xx_StdPeriph_Templates\\MDK-ARM\\STM320518\\STM320518-EVAL.axf" 
Erase Done.
Programming Done.
Verify OK.
Build target 'STM320518-EVAL'
compiling main.cpp...
linking...
Program Size: Code=1476 RO-data=224 RW-data=16 ZI-data=1056  
".\STM320518\STM320518-EVAL.axf" - 0 Error(s), 0 Warning(s).
Load "D:\\STMCode\\Template\\Project\\STM32F0xx_StdPeriph_Templates\\MDK-ARM\\STM320518\\STM320518-EVAL.axf" 
Erase Done.
Programming Done.
Verify OK.
Build target 'STM320518-EVAL'
compiling main.cpp...
..\main.cpp(209): error:  #20: identifier "x" is undefined
Target not created
Build target 'STM320518-EVAL'
compiling main.cpp...
linking...
Program Size: Code=1280 RO-data=224 RW-data=16 ZI-data=1056  
".\STM320518\STM320518-EVAL.axf" - 0 Error(s), 0 Warning(s).
Load "D:\\STMCode\\Template\\Project\\STM32F0xx_StdPeriph_Templates\\MDK-ARM\\STM320518\\STM320518-EVAL.axf" 
Erase Done.
Programming Done.
Verify OK.
Build target 'STM320518-EVAL'
compiling main.cpp...
linking...
Program Size: Code=1248 RO-data=224 RW-data=16 ZI-data=1056  
".\STM320518\STM320518-EVAL.axf" - 0 Error(s), 0 Warning(s).
Load "D:\\STMCode\\Template\\Project\\STM32F0xx_StdPeriph_Templates\\MDK-ARM\\STM320518\\STM320518-EVAL.axf" 
Erase Done.
Programming Done.
Verify OK.
Load "D:\\STMCode\\Template\\Project\\STM32F0xx_StdPeriph_Templates\\MDK-ARM\\STM320518\\STM320518-EVAL.axf" 
Build target 'STM320518-EVAL'
compiling main.cpp...
..\main.cpp(89): warning:  #177-D: variable "i" was declared but never referenced
linking...
Program Size: Code=1332 RO-data=224 RW-data=16 ZI-data=1056  
".\STM320518\STM320518-EVAL.axf" - 0 Error(s), 1 Warning(s).
Build target 'STM320518-EVAL'
compiling main.cpp...
..\main.cpp(89): warning:  #177-D: variable "i" was declared but never referenced
linking...
Program Size: Code=1332 RO-data=224 RW-data=16 ZI-data=1056  
".\STM320518\STM320518-EVAL.axf" - 0 Error(s), 1 Warning(s).
Load "D:\\STMCode\\Template\\Project\\STM32F0xx_StdPeriph_Templates\\MDK-ARM\\STM320518\\STM320518-EVAL.axf" 
Erase Done.
Programming Done.
Verify OK.
