<html>
<body>
<pre>
<h1>µVision Build Log</h1>
<h2>Project:</h2>
D:\STMCode\Template\Project\STM32F0xx_StdPeriph_Templates\MDK-ARM\Project.uvproj
Project File Date:  06/08/2013

<h2>Output:</h2>
Build target 'STM320518-EVAL'
compiling stm32f0xx_it.c...
compiling main.cpp...
..\main.cpp(17): warning:  #550-D: variable "Init" was set but never used
compiling stm32f0xx_adc.c...
compiling stm32f0xx_crc.c...
compiling stm32f0xx_dac.c...
compiling stm32f0xx_dma.c...
compiling stm32f0xx_gpio.c...
compiling stm32f0xx_i2c.c...
compiling stm32f0xx_misc.c...
compiling stm32f0xx_rcc.c...
compiling stm32f0xx_spi.c...
compiling stm32f0xx_tim.c...
compiling stm32f0xx_usart.c...
compiling system_stm32f0xx.c...
assembling startup_stm32f0xx.s...
linking...
Program Size: Code=764 RO-data=224 RW-data=16 ZI-data=1056  
".\STM320518\STM320518-EVAL.axf" - 0 Error(s), 1 Warning(s).
Build target 'STM320518-EVAL'
compiling main.cpp...
linking...
Program Size: Code=884 RO-data=224 RW-data=16 ZI-data=1056  
".\STM320518\STM320518-EVAL.axf" - 0 Error(s), 0 Warning(s).
Build target 'STM320518-EVAL'
compiling stm32f0xx_it.c...
compiling main.cpp...
compiling stm32f0xx_adc.c...
compiling stm32f0xx_crc.c...
compiling stm32f0xx_dac.c...
compiling stm32f0xx_dma.c...
compiling stm32f0xx_gpio.c...
compiling stm32f0xx_i2c.c...
compiling stm32f0xx_misc.c...
compiling stm32f0xx_rcc.c...
compiling stm32f0xx_spi.c...
compiling stm32f0xx_tim.c...
compiling stm32f0xx_usart.c...
compiling system_stm32f0xx.c...
assembling startup_stm32f0xx.s...
linking...
Program Size: Code=1556 RO-data=224 RW-data=16 ZI-data=1056  
".\STM320518\STM320518-EVAL.axf" - 0 Error(s), 0 Warning(s).
Load "D:\\STMCode\\Template\\Project\\STM32F0xx_StdPeriph_Templates\\MDK-ARM\\STM320518\\STM320518-EVAL.axf" 
Erase Done.
Programming Done.
Verify OK.
Load "D:\\STMCode\\Template\\Project\\STM32F0xx_StdPeriph_Templates\\MDK-ARM\\STM320518\\STM320518-EVAL.axf" 
Load "D:\\STMCode\\Template\\Project\\STM32F0xx_StdPeriph_Templates\\MDK-ARM\\STM320518\\STM320518-EVAL.axf" 
Build target 'STM320518-EVAL'
compiling main.cpp...
linking...
Program Size: Code=1556 RO-data=224 RW-data=16 ZI-data=1056  
".\STM320518\STM320518-EVAL.axf" - 0 Error(s), 0 Warning(s).
Load "D:\\STMCode\\Template\\Project\\STM32F0xx_StdPeriph_Templates\\MDK-ARM\\STM320518\\STM320518-EVAL.axf" 
Erase Done.
Programming Done.
Verify OK.
Build target 'STM320518-EVAL'
compiling main.cpp...
linking...
Program Size: Code=1488 RO-data=224 RW-data=16 ZI-data=1056  
".\STM320518\STM320518-EVAL.axf" - 0 Error(s), 0 Warning(s).
Load "D:\\STMCode\\Template\\Project\\STM32F0xx_StdPeriph_Templates\\MDK-ARM\\STM320518\\STM320518-EVAL.axf" 
Erase Done.
Programming Done.
Verify OK.
Build target 'STM320518-EVAL'
compiling main.cpp...
linking...
Program Size: Code=1476 RO-data=224 RW-data=16 ZI-data=1056  
".\STM320518\STM320518-EVAL.axf" - 0 Error(s), 0 Warning(s).
Load "D:\\STMCode\\Template\\Project\\STM32F0xx_StdPeriph_Templates\\MDK-ARM\\STM320518\\STM320518-EVAL.axf" 
Erase Done.
Programming Done.
Verify OK.
Build target 'STM320518-EVAL'
compiling main.cpp...
..\main.cpp(209): error:  #20: identifier "x" is undefined
Target not created
Build target 'STM320518-EVAL'
compiling main.cpp...
linking...
Program Size: Code=1280 RO-data=224 RW-data=16 ZI-data=1056  
".\STM320518\STM320518-EVAL.axf" - 0 Error(s), 0 Warning(s).
Load "D:\\STMCode\\Template\\Project\\STM32F0xx_StdPeriph_Templates\\MDK-ARM\\STM320518\\STM320518-EVAL.axf" 
Erase Done.
Programming Done.
Verify OK.
Build target 'STM320518-EVAL'
compiling main.cpp...
linking...
Program Size: Code=1248 RO-data=224 RW-data=16 ZI-data=1056  
".\STM320518\STM320518-EVAL.axf" - 0 Error(s), 0 Warning(s).
Load "D:\\STMCode\\Template\\Project\\STM32F0xx_StdPeriph_Templates\\MDK-ARM\\STM320518\\STM320518-EVAL.axf" 
Erase Done.
Programming Done.
Verify OK.
Load "D:\\STMCode\\Template\\Project\\STM32F0xx_StdPeriph_Templates\\MDK-ARM\\STM320518\\STM320518-EVAL.axf" 
Build target 'STM320518-EVAL'
compiling main.cpp...
..\main.cpp(89): warning:  #177-D: variable "i" was declared but never referenced
linking...
Program Size: Code=1332 RO-data=224 RW-data=16 ZI-data=1056  
".\STM320518\STM320518-EVAL.axf" - 0 Error(s), 1 Warning(s).
Build target 'STM320518-EVAL'
compiling main.cpp...
..\main.cpp(89): warning:  #177-D: variable "i" was declared but never referenced
linking...
Program Size: Code=1332 RO-data=224 RW-data=16 ZI-data=1056  
".\STM320518\STM320518-EVAL.axf" - 0 Error(s), 1 Warning(s).
Load "D:\\STMCode\\Template\\Project\\STM32F0xx_StdPeriph_Templates\\MDK-ARM\\STM320518\\STM320518-EVAL.axf" 
Erase Done.
Programming Done.
Verify OK.
Build target 'STM320518-EVAL'
compiling main.cpp...
..\main.cpp(34): warning:  #940-D: missing return statement at end of non-void function "USART1Init"
..\main.cpp(54): error:  #258: "this" may only be used inside a nonstatic member function
..\main.cpp(55): error:  #258: "this" may only be used inside a nonstatic member function
..\main.cpp(55): error:  #20: identifier "buffer" is undefined
..\main.cpp(59): error:  #258: "this" may only be used inside a nonstatic member function
..\main.cpp(60): error:  #258: "this" may only be used inside a nonstatic member function
..\main.cpp(60): error:  #20: identifier "buffer" is undefined
..\main.cpp(61): error:  #258: "this" may only be used inside a nonstatic member function
..\main.cpp(65): error:  #258: "this" may only be used inside a nonstatic member function
..\main.cpp(66): error:  #258: "this" may only be used inside a nonstatic member function
..\main.cpp(66): error:  #20: identifier "buffer" is undefined
..\main.cpp(70): error:  #258: "this" may only be used inside a nonstatic member function
..\main.cpp(71): error:  #258: "this" may only be used inside a nonstatic member function
..\main.cpp(71): error:  #20: identifier "buffer" is undefined
..\main.cpp(72): error:  #258: "this" may only be used inside a nonstatic member function
..\main.cpp(76): error:  #258: "this" may only be used inside a nonstatic member function
..\main.cpp(77): error:  #258: "this" may only be used inside a nonstatic member function
..\main.cpp(81): error:  #258: "this" may only be used inside a nonstatic member function
..\main.cpp(82): error:  #258: "this" may only be used inside a nonstatic member function
..\main.cpp(89): error:  #258: "this" may only be used inside a nonstatic member function
..\main.cpp(86): warning:  #177-D: variable "i" was declared but never referenced
..\main.cpp(95): error:  #258: "this" may only be used inside a nonstatic member function
..\main.cpp(96): error:  #258: "this" may only be used inside a nonstatic member function
..\main.cpp(122): error:  #20: identifier "MineUSART1" is undefined
..\main.cpp(35): warning:  #177-D: function "USART1waitForTransmit" was declared but never referenced
Target not created
Build target 'STM320518-EVAL'
compiling main.cpp...
..\main.cpp(34): warning:  #940-D: missing return statement at end of non-void function "USART1Init"
..\main.cpp(35): warning:  #177-D: function "USART1waitForTransmit" was declared but never referenced
..\main.cpp(78): warning:  #177-D: function "USART1print(std::int32_t)" was declared but never referenced
..\main.cpp(57): warning:  #177-D: function "USART1print(std::uint8_t)" was declared but never referenced
..\main.cpp(61): warning:  #177-D: function "put" was declared but never referenced
..\main.cpp(65): warning:  #177-D: function "print" was declared but never referenced
..\main.cpp(96): warning:  #177-D: function "USART1println(char *)" was declared but never referenced
..\main.cpp(91): warning:  #177-D: function "USART1println(std::uint8_t)" was declared but never referenced
..\main.cpp(84): warning:  #177-D: function "USART1println(std::int32_t)" was declared but never referenced
..\main.cpp(71): warning:  #177-D: function "USART1println(std::int16_t)" was declared but never referenced
..\main.cpp(101): warning:  #177-D: function "USART1available" was declared but never referenced
..\main.cpp(105): warning:  #177-D: function "USART1read" was declared but never referenced
linking...
Program Size: Code=1276 RO-data=224 RW-data=16 ZI-data=1056  
".\STM320518\STM320518-EVAL.axf" - 0 Error(s), 12 Warning(s).
Build target 'STM320518-EVAL'
compiling main.cpp...
..\main.cpp(36): warning:  #177-D: function "USART1waitForTransmit" was declared but never referenced
..\main.cpp(79): warning:  #177-D: function "USART1print(std::int32_t)" was declared but never referenced
..\main.cpp(58): warning:  #177-D: function "USART1print(std::uint8_t)" was declared but never referenced
..\main.cpp(62): warning:  #177-D: function "put" was declared but never referenced
..\main.cpp(66): warning:  #177-D: function "print" was declared but never referenced
..\main.cpp(97): warning:  #177-D: function "USART1println(char *)" was declared but never referenced
..\main.cpp(92): warning:  #177-D: function "USART1println(std::uint8_t)" was declared but never referenced
..\main.cpp(85): warning:  #177-D: function "USART1println(std::int32_t)" was declared but never referenced
..\main.cpp(72): warning:  #177-D: function "USART1println(std::int16_t)" was declared but never referenced
..\main.cpp(102): warning:  #177-D: function "USART1available" was declared but never referenced
..\main.cpp(106): warning:  #177-D: function "USART1read" was declared but never referenced
linking...
Program Size: Code=1276 RO-data=224 RW-data=16 ZI-data=1056  
".\STM320518\STM320518-EVAL.axf" - 0 Error(s), 11 Warning(s).
Build target 'STM320518-EVAL'
compiling main.cpp...
..\main.cpp(36): warning:  #177-D: function "USART1waitForTransmit" was declared but never referenced
..\main.cpp(79): warning:  #177-D: function "USART1print(std::int32_t)" was declared but never referenced
..\main.cpp(58): warning:  #177-D: function "USART1print(std::uint8_t)" was declared but never referenced
..\main.cpp(62): warning:  #177-D: function "put" was declared but never referenced
..\main.cpp(66): warning:  #177-D: function "print" was declared but never referenced
..\main.cpp(97): warning:  #177-D: function "USART1println(char *)" was declared but never referenced
..\main.cpp(92): warning:  #177-D: function "USART1println(std::uint8_t)" was declared but never referenced
..\main.cpp(85): warning:  #177-D: function "USART1println(std::int32_t)" was declared but never referenced
..\main.cpp(72): warning:  #177-D: function "USART1println(std::int16_t)" was declared but never referenced
..\main.cpp(102): warning:  #177-D: function "USART1available" was declared but never referenced
..\main.cpp(106): warning:  #177-D: function "USART1read" was declared but never referenced
linking...
Program Size: Code=1276 RO-data=224 RW-data=16 ZI-data=1056  
".\STM320518\STM320518-EVAL.axf" - 0 Error(s), 11 Warning(s).
Load "D:\\STMCode\\Template\\Project\\STM32F0xx_StdPeriph_Templates\\MDK-ARM\\STM320518\\STM320518-EVAL.axf" 
Erase Done.
Programming Done.
Verify OK.
Build target 'STM320518-EVAL'
compiling main.cpp...
..\main.cpp(36): warning:  #177-D: function "USART1waitForTransmit" was declared but never referenced
..\main.cpp(79): warning:  #177-D: function "USART1print(std::int32_t)" was declared but never referenced
..\main.cpp(58): warning:  #177-D: function "USART1print(std::uint8_t)" was declared but never referenced
..\main.cpp(62): warning:  #177-D: function "put" was declared but never referenced
..\main.cpp(66): warning:  #177-D: function "print" was declared but never referenced
..\main.cpp(97): warning:  #177-D: function "USART1println(char *)" was declared but never referenced
..\main.cpp(92): warning:  #177-D: function "USART1println(std::uint8_t)" was declared but never referenced
..\main.cpp(85): warning:  #177-D: function "USART1println(std::int32_t)" was declared but never referenced
..\main.cpp(72): warning:  #177-D: function "USART1println(std::int16_t)" was declared but never referenced
..\main.cpp(102): warning:  #177-D: function "USART1available" was declared but never referenced
..\main.cpp(106): warning:  #177-D: function "USART1read" was declared but never referenced
linking...
Program Size: Code=1284 RO-data=224 RW-data=16 ZI-data=1056  
".\STM320518\STM320518-EVAL.axf" - 0 Error(s), 11 Warning(s).
Load "D:\\STMCode\\Template\\Project\\STM32F0xx_StdPeriph_Templates\\MDK-ARM\\STM320518\\STM320518-EVAL.axf" 
Erase Done.
Programming Done.
Verify OK.
Build target 'STM320518-EVAL'
compiling main.cpp...
..\main.cpp(130): warning:  #550-D: variable "ADCInit" was set but never used
..\main.cpp(36): warning:  #177-D: function "USART1waitForTransmit" was declared but never referenced
..\main.cpp(79): warning:  #177-D: function "USART1print(std::int32_t)" was declared but never referenced
..\main.cpp(58): warning:  #177-D: function "USART1print(std::uint8_t)" was declared but never referenced
..\main.cpp(62): warning:  #177-D: function "put" was declared but never referenced
..\main.cpp(66): warning:  #177-D: function "print" was declared but never referenced
..\main.cpp(97): warning:  #177-D: function "USART1println(char *)" was declared but never referenced
..\main.cpp(92): warning:  #177-D: function "USART1println(std::uint8_t)" was declared but never referenced
..\main.cpp(85): warning:  #177-D: function "USART1println(std::int32_t)" was declared but never referenced
..\main.cpp(72): warning:  #177-D: function "USART1println(std::int16_t)" was declared but never referenced
..\main.cpp(102): warning:  #177-D: function "USART1available" was declared but never referenced
..\main.cpp(106): warning:  #177-D: function "USART1read" was declared but never referenced
linking...
Program Size: Code=1296 RO-data=224 RW-data=16 ZI-data=1056  
".\STM320518\STM320518-EVAL.axf" - 0 Error(s), 12 Warning(s).
Build target 'STM320518-EVAL'
compiling main.cpp...
..\main.cpp(36): warning:  #177-D: function "USART1waitForTransmit" was declared but never referenced
..\main.cpp(79): warning:  #177-D: function "USART1print(std::int32_t)" was declared but never referenced
..\main.cpp(58): warning:  #177-D: function "USART1print(std::uint8_t)" was declared but never referenced
..\main.cpp(62): warning:  #177-D: function "put" was declared but never referenced
..\main.cpp(66): warning:  #177-D: function "print" was declared but never referenced
..\main.cpp(97): warning:  #177-D: function "USART1println(char *)" was declared but never referenced
..\main.cpp(92): warning:  #177-D: function "USART1println(std::uint8_t)" was declared but never referenced
..\main.cpp(72): warning:  #177-D: function "USART1println(std::int16_t)" was declared but never referenced
..\main.cpp(102): warning:  #177-D: function "USART1available" was declared but never referenced
..\main.cpp(106): warning:  #177-D: function "USART1read" was declared but never referenced
linking...
Program Size: Code=1948 RO-data=224 RW-data=16 ZI-data=1056  
".\STM320518\STM320518-EVAL.axf" - 0 Error(s), 10 Warning(s).
Load "D:\\STMCode\\Template\\Project\\STM32F0xx_StdPeriph_Templates\\MDK-ARM\\STM320518\\STM320518-EVAL.axf" 
Erase Done.
Programming Done.
Verify OK.
Build target 'STM320518-EVAL'
compiling main.cpp...
..\main.cpp(36): warning:  #177-D: function "USART1waitForTransmit" was declared but never referenced
..\main.cpp(79): warning:  #177-D: function "USART1print(std::int32_t)" was declared but never referenced
..\main.cpp(58): warning:  #177-D: function "USART1print(std::uint8_t)" was declared but never referenced
..\main.cpp(62): warning:  #177-D: function "put" was declared but never referenced
..\main.cpp(66): warning:  #177-D: function "print" was declared but never referenced
..\main.cpp(92): warning:  #177-D: function "USART1println(std::uint8_t)" was declared but never referenced
..\main.cpp(72): warning:  #177-D: function "USART1println(std::int16_t)" was declared but never referenced
..\main.cpp(102): warning:  #177-D: function "USART1available" was declared but never referenced
..\main.cpp(106): warning:  #177-D: function "USART1read" was declared but never referenced
linking...
Program Size: Code=2100 RO-data=224 RW-data=24 ZI-data=1056  
".\STM320518\STM320518-EVAL.axf" - 0 Error(s), 9 Warning(s).
Load "D:\\STMCode\\Template\\Project\\STM32F0xx_StdPeriph_Templates\\MDK-ARM\\STM320518\\STM320518-EVAL.axf" 
Erase Done.
Programming Done.
Verify OK.
Build target 'STM320518-EVAL'
compiling stm32f0xx_it.c...
compiling main.cpp...
..\main.cpp(117): error:  #20: identifier "UART1print" is undefined
..\main.cpp(169): error:  #20: identifier "ADC_SampleTime_" is undefined
..\main.cpp(169): error:  #18: expected a ")"
..\main.cpp(36): warning:  #177-D: function "USART1waitForTransmit" was declared but never referenced
..\main.cpp(79): warning:  #177-D: function "USART1print(std::int32_t)" was declared but never referenced
..\main.cpp(58): warning:  #177-D: function "USART1print(std::uint8_t)" was declared but never referenced
..\main.cpp(62): warning:  #177-D: function "put" was declared but never referenced
..\main.cpp(66): warning:  #177-D: function "print" was declared but never referenced
..\main.cpp(92): warning:  #177-D: function "USART1println(std::uint8_t)" was declared but never referenced
..\main.cpp(85): warning:  #177-D: function "USART1println(std::int32_t)" was declared but never referenced
..\main.cpp(72): warning:  #177-D: function "USART1println(std::int16_t)" was declared but never referenced
..\main.cpp(102): warning:  #177-D: function "USART1available" was declared but never referenced
..\main.cpp(106): warning:  #177-D: function "USART1read" was declared but never referenced
Target not created
Build target 'STM320518-EVAL'
compiling main.cpp...
..\main.cpp(117): error:  #20: identifier "UART1print" is undefined
..\main.cpp(169): error:  #20: identifier "ADC_SampleTime_" is undefined
..\main.cpp(169): error:  #18: expected a ")"
..\main.cpp(36): warning:  #177-D: function "USART1waitForTransmit" was declared but never referenced
..\main.cpp(79): warning:  #177-D: function "USART1print(std::int32_t)" was declared but never referenced
..\main.cpp(58): warning:  #177-D: function "USART1print(std::uint8_t)" was declared but never referenced
..\main.cpp(62): warning:  #177-D: function "put" was declared but never referenced
..\main.cpp(66): warning:  #177-D: function "print" was declared but never referenced
..\main.cpp(92): warning:  #177-D: function "USART1println(std::uint8_t)" was declared but never referenced
..\main.cpp(85): warning:  #177-D: function "USART1println(std::int32_t)" was declared but never referenced
..\main.cpp(72): warning:  #177-D: function "USART1println(std::int16_t)" was declared but never referenced
..\main.cpp(102): warning:  #177-D: function "USART1available" was declared but never referenced
..\main.cpp(106): warning:  #177-D: function "USART1read" was declared but never referenced
Target not created
Build target 'STM320518-EVAL'
compiling main.cpp...
..\main.cpp(169): error:  #20: identifier "ADC_SampleTime_" is undefined
..\main.cpp(169): error:  #18: expected a ")"
..\main.cpp(36): warning:  #177-D: function "USART1waitForTransmit" was declared but never referenced
..\main.cpp(79): warning:  #177-D: function "USART1print(std::int32_t)" was declared but never referenced
..\main.cpp(58): warning:  #177-D: function "USART1print(std::uint8_t)" was declared but never referenced
..\main.cpp(62): warning:  #177-D: function "put" was declared but never referenced
..\main.cpp(66): warning:  #177-D: function "print" was declared but never referenced
..\main.cpp(92): warning:  #177-D: function "USART1println(std::uint8_t)" was declared but never referenced
..\main.cpp(85): warning:  #177-D: function "USART1println(std::int32_t)" was declared but never referenced
..\main.cpp(72): warning:  #177-D: function "USART1println(std::int16_t)" was declared but never referenced
..\main.cpp(102): warning:  #177-D: function "USART1available" was declared but never referenced
..\main.cpp(106): warning:  #177-D: function "USART1read" was declared but never referenced
Target not created
Build target 'STM320518-EVAL'
compiling main.cpp...
..\main.cpp(36): warning:  #177-D: function "USART1waitForTransmit" was declared but never referenced
..\main.cpp(79): warning:  #177-D: function "USART1print(std::int32_t)" was declared but never referenced
..\main.cpp(58): warning:  #177-D: function "USART1print(std::uint8_t)" was declared but never referenced
..\main.cpp(62): warning:  #177-D: function "put" was declared but never referenced
..\main.cpp(66): warning:  #177-D: function "print" was declared but never referenced
..\main.cpp(92): warning:  #177-D: function "USART1println(std::uint8_t)" was declared but never referenced
..\main.cpp(85): warning:  #177-D: function "USART1println(std::int32_t)" was declared but never referenced
..\main.cpp(72): warning:  #177-D: function "USART1println(std::int16_t)" was declared but never referenced
..\main.cpp(102): warning:  #177-D: function "USART1available" was declared but never referenced
..\main.cpp(106): warning:  #177-D: function "USART1read" was declared but never referenced
linking...
Program Size: Code=1668 RO-data=224 RW-data=24 ZI-data=1056  
".\STM320518\STM320518-EVAL.axf" - 0 Error(s), 10 Warning(s).
Load "D:\\STMCode\\Template\\Project\\STM32F0xx_StdPeriph_Templates\\MDK-ARM\\STM320518\\STM320518-EVAL.axf" 
Erase Done.
Programming Done.
Verify OK.
Rebuild target 'STM320518-EVAL'
compiling stm32f0xx_it.c...
compiling main.cpp...
..\main.cpp(36): warning:  #177-D: function "USART1waitForTransmit" was declared but never referenced
..\main.cpp(79): warning:  #177-D: function "USART1print(std::int32_t)" was declared but never referenced
..\main.cpp(58): warning:  #177-D: function "USART1print(std::uint8_t)" was declared but never referenced
..\main.cpp(62): warning:  #177-D: function "put" was declared but never referenced
..\main.cpp(66): warning:  #177-D: function "print" was declared but never referenced
..\main.cpp(92): warning:  #177-D: function "USART1println(std::uint8_t)" was declared but never referenced
..\main.cpp(85): warning:  #177-D: function "USART1println(std::int32_t)" was declared but never referenced
..\main.cpp(72): warning:  #177-D: function "USART1println(std::int16_t)" was declared but never referenced
..\main.cpp(102): warning:  #177-D: function "USART1available" was declared but never referenced
..\main.cpp(106): warning:  #177-D: function "USART1read" was declared but never referenced
compiling stm32f0xx_adc.c...
compiling stm32f0xx_crc.c...
compiling stm32f0xx_dac.c...
compiling stm32f0xx_dma.c...
compiling stm32f0xx_gpio.c...
compiling stm32f0xx_i2c.c...
compiling stm32f0xx_misc.c...
compiling stm32f0xx_rcc.c...
compiling stm32f0xx_spi.c...
compiling stm32f0xx_tim.c...
compiling stm32f0xx_usart.c...
compiling system_stm32f0xx.c...
assembling startup_stm32f0xx.s...
linking...
Program Size: Code=1656 RO-data=224 RW-data=24 ZI-data=1056  
".\STM320518\STM320518-EVAL.axf" - 0 Error(s), 10 Warning(s).
Load "D:\\STMCode\\Template\\Project\\STM32F0xx_StdPeriph_Templates\\MDK-ARM\\STM320518\\STM320518-EVAL.axf" 
Erase Done.
Programming Done.
Verify OK.
Build target 'STM320518-EVAL'
compiling main.cpp...
..\main.cpp(36): warning:  #177-D: function "USART1waitForTransmit" was declared but never referenced
..\main.cpp(58): warning:  #177-D: function "USART1print(std::uint8_t)" was declared but never referenced
..\main.cpp(62): warning:  #177-D: function "put" was declared but never referenced
..\main.cpp(66): warning:  #177-D: function "print" was declared but never referenced
..\main.cpp(92): warning:  #177-D: function "USART1println(std::uint8_t)" was declared but never referenced
..\main.cpp(85): warning:  #177-D: function "USART1println(std::int32_t)" was declared but never referenced
..\main.cpp(72): warning:  #177-D: function "USART1println(std::int16_t)" was declared but never referenced
..\main.cpp(102): warning:  #177-D: function "USART1available" was declared but never referenced
..\main.cpp(106): warning:  #177-D: function "USART1read" was declared but never referenced
linking...
Program Size: Code=2060 RO-data=224 RW-data=24 ZI-data=1056  
".\STM320518\STM320518-EVAL.axf" - 0 Error(s), 9 Warning(s).
Load "D:\\STMCode\\Template\\Project\\STM32F0xx_StdPeriph_Templates\\MDK-ARM\\STM320518\\STM320518-EVAL.axf" 
Erase Done.
Programming Done.
Verify OK.
Build target 'STM320518-EVAL'
compiling main.cpp...
..\main.cpp(36): warning:  #177-D: function "USART1waitForTransmit" was declared but never referenced
..\main.cpp(58): warning:  #177-D: function "USART1print(std::uint8_t)" was declared but never referenced
..\main.cpp(62): warning:  #177-D: function "put" was declared but never referenced
..\main.cpp(66): warning:  #177-D: function "print" was declared but never referenced
..\main.cpp(92): warning:  #177-D: function "USART1println(std::uint8_t)" was declared but never referenced
..\main.cpp(85): warning:  #177-D: function "USART1println(std::int32_t)" was declared but never referenced
..\main.cpp(72): warning:  #177-D: function "USART1println(std::int16_t)" was declared but never referenced
..\main.cpp(102): warning:  #177-D: function "USART1available" was declared but never referenced
..\main.cpp(106): warning:  #177-D: function "USART1read" was declared but never referenced
linking...
Program Size: Code=2060 RO-data=224 RW-data=24 ZI-data=1056  
".\STM320518\STM320518-EVAL.axf" - 0 Error(s), 9 Warning(s).
Build target 'STM320518-EVAL'
compiling main.cpp...
..\main.cpp(126): error:  #20: identifier "SysTick_config" is undefined
..\main.cpp(36): warning:  #177-D: function "USART1waitForTransmit" was declared but never referenced
..\main.cpp(58): warning:  #177-D: function "USART1print(std::uint8_t)" was declared but never referenced
..\main.cpp(62): warning:  #177-D: function "put" was declared but never referenced
..\main.cpp(66): warning:  #177-D: function "print" was declared but never referenced
..\main.cpp(92): warning:  #177-D: function "USART1println(std::uint8_t)" was declared but never referenced
..\main.cpp(85): warning:  #177-D: function "USART1println(std::int32_t)" was declared but never referenced
..\main.cpp(72): warning:  #177-D: function "USART1println(std::int16_t)" was declared but never referenced
..\main.cpp(102): warning:  #177-D: function "USART1available" was declared but never referenced
..\main.cpp(106): warning:  #177-D: function "USART1read" was declared but never referenced
Target not created
Build target 'STM320518-EVAL'
compiling main.cpp...
..\main.cpp(36): warning:  #177-D: function "USART1waitForTransmit" was declared but never referenced
..\main.cpp(58): warning:  #177-D: function "USART1print(std::uint8_t)" was declared but never referenced
..\main.cpp(62): warning:  #177-D: function "put" was declared but never referenced
..\main.cpp(66): warning:  #177-D: function "print" was declared but never referenced
..\main.cpp(92): warning:  #177-D: function "USART1println(std::uint8_t)" was declared but never referenced
..\main.cpp(85): warning:  #177-D: function "USART1println(std::int32_t)" was declared but never referenced
..\main.cpp(72): warning:  #177-D: function "USART1println(std::int16_t)" was declared but never referenced
..\main.cpp(102): warning:  #177-D: function "USART1available" was declared but never referenced
..\main.cpp(106): warning:  #177-D: function "USART1read" was declared but never referenced
linking...
Program Size: Code=2092 RO-data=224 RW-data=24 ZI-data=1056  
".\STM320518\STM320518-EVAL.axf" - 0 Error(s), 9 Warning(s).
Load "D:\\STMCode\\Template\\Project\\STM32F0xx_StdPeriph_Templates\\MDK-ARM\\STM320518\\STM320518-EVAL.axf" 
Erase Done.
Programming Done.
Verify OK.
Build target 'STM320518-EVAL'
compiling main.cpp...
..\main.cpp(134): error:  #65: expected a ";"
..\main.cpp(6): warning:  #177-D: function "USART1Init" was declared but never referenced
..\main.cpp(36): warning:  #177-D: function "USART1waitForTransmit" was declared but never referenced
..\main.cpp(58): warning:  #177-D: function "USART1print(std::uint8_t)" was declared but never referenced
..\main.cpp(62): warning:  #177-D: function "put" was declared but never referenced
..\main.cpp(66): warning:  #177-D: function "print" was declared but never referenced
..\main.cpp(92): warning:  #177-D: function "USART1println(std::uint8_t)" was declared but never referenced
..\main.cpp(85): warning:  #177-D: function "USART1println(std::int32_t)" was declared but never referenced
..\main.cpp(72): warning:  #177-D: function "USART1println(std::int16_t)" was declared but never referenced
..\main.cpp(102): warning:  #177-D: function "USART1available" was declared but never referenced
..\main.cpp(106): warning:  #177-D: function "USART1read" was declared but never referenced
Target not created
Build target 'STM320518-EVAL'
compiling main.cpp...
..\main.cpp(36): warning:  #177-D: function "USART1waitForTransmit" was declared but never referenced
..\main.cpp(58): warning:  #177-D: function "USART1print(std::uint8_t)" was declared but never referenced
..\main.cpp(62): warning:  #177-D: function "put" was declared but never referenced
..\main.cpp(66): warning:  #177-D: function "print" was declared but never referenced
..\main.cpp(92): warning:  #177-D: function "USART1println(std::uint8_t)" was declared but never referenced
..\main.cpp(85): warning:  #177-D: function "USART1println(std::int32_t)" was declared but never referenced
..\main.cpp(72): warning:  #177-D: function "USART1println(std::int16_t)" was declared but never referenced
..\main.cpp(102): warning:  #177-D: function "USART1available" was declared but never referenced
..\main.cpp(106): warning:  #177-D: function "USART1read" was declared but never referenced
linking...
Program Size: Code=2064 RO-data=224 RW-data=24 ZI-data=1056  
".\STM320518\STM320518-EVAL.axf" - 0 Error(s), 9 Warning(s).
Load "D:\\STMCode\\Template\\Project\\STM32F0xx_StdPeriph_Templates\\MDK-ARM\\STM320518\\STM320518-EVAL.axf" 
Erase Done.
Programming Done.
Verify OK.
Build target 'STM320518-EVAL'
compiling main.cpp...
..\main.cpp(36): warning:  #177-D: function "USART1waitForTransmit" was declared but never referenced
..\main.cpp(58): warning:  #177-D: function "USART1print(std::uint8_t)" was declared but never referenced
..\main.cpp(62): warning:  #177-D: function "put" was declared but never referenced
..\main.cpp(66): warning:  #177-D: function "print" was declared but never referenced
..\main.cpp(92): warning:  #177-D: function "USART1println(std::uint8_t)" was declared but never referenced
..\main.cpp(85): warning:  #177-D: function "USART1println(std::int32_t)" was declared but never referenced
..\main.cpp(72): warning:  #177-D: function "USART1println(std::int16_t)" was declared but never referenced
..\main.cpp(102): warning:  #177-D: function "USART1available" was declared but never referenced
..\main.cpp(106): warning:  #177-D: function "USART1read" was declared but never referenced
linking...
Program Size: Code=2064 RO-data=224 RW-data=24 ZI-data=1056  
".\STM320518\STM320518-EVAL.axf" - 0 Error(s), 9 Warning(s).
Load "D:\\STMCode\\Template\\Project\\STM32F0xx_StdPeriph_Templates\\MDK-ARM\\STM320518\\STM320518-EVAL.axf" 
Erase Done.
Programming Done.
Verify OK.
Build target 'STM320518-EVAL'
compiling main.cpp...
..\main.cpp(36): warning:  #177-D: function "USART1waitForTransmit" was declared but never referenced
..\main.cpp(58): warning:  #177-D: function "USART1print(std::uint8_t)" was declared but never referenced
..\main.cpp(62): warning:  #177-D: function "put" was declared but never referenced
..\main.cpp(66): warning:  #177-D: function "print" was declared but never referenced
..\main.cpp(92): warning:  #177-D: function "USART1println(std::uint8_t)" was declared but never referenced
..\main.cpp(85): warning:  #177-D: function "USART1println(std::int32_t)" was declared but never referenced
..\main.cpp(72): warning:  #177-D: function "USART1println(std::int16_t)" was declared but never referenced
..\main.cpp(102): warning:  #177-D: function "USART1available" was declared but never referenced
..\main.cpp(106): warning:  #177-D: function "USART1read" was declared but never referenced
linking...
Program Size: Code=2064 RO-data=224 RW-data=24 ZI-data=1056  
".\STM320518\STM320518-EVAL.axf" - 0 Error(s), 9 Warning(s).
Build target 'STM320518-EVAL'
compiling main.cpp...
..\main.cpp(136): error:  #20: identifier "SysTickEnable" is undefined
..\main.cpp(36): warning:  #177-D: function "USART1waitForTransmit" was declared but never referenced
..\main.cpp(58): warning:  #177-D: function "USART1print(std::uint8_t)" was declared but never referenced
..\main.cpp(62): warning:  #177-D: function "put" was declared but never referenced
..\main.cpp(66): warning:  #177-D: function "print" was declared but never referenced
..\main.cpp(92): warning:  #177-D: function "USART1println(std::uint8_t)" was declared but never referenced
..\main.cpp(85): warning:  #177-D: function "USART1println(std::int32_t)" was declared but never referenced
..\main.cpp(72): warning:  #177-D: function "USART1println(std::int16_t)" was declared but never referenced
..\main.cpp(102): warning:  #177-D: function "USART1available" was declared but never referenced
..\main.cpp(106): warning:  #177-D: function "USART1read" was declared but never referenced
Target not created
Build target 'STM320518-EVAL'
compiling stm32f0xx_it.c...
..\stm32f0xx_it.c(97): warning:  #223-D: function "USART1print" declared implicitly
compiling main.cpp...
..\main.cpp(36): warning:  #177-D: function "USART1waitForTransmit" was declared but never referenced
..\main.cpp(58): warning:  #177-D: function "USART1print(std::uint8_t)" was declared but never referenced
..\main.cpp(62): warning:  #177-D: function "put" was declared but never referenced
..\main.cpp(66): warning:  #177-D: function "print" was declared but never referenced
..\main.cpp(92): warning:  #177-D: function "USART1println(std::uint8_t)" was declared but never referenced
..\main.cpp(85): warning:  #177-D: function "USART1println(std::int32_t)" was declared but never referenced
..\main.cpp(72): warning:  #177-D: function "USART1println(std::int16_t)" was declared but never referenced
..\main.cpp(102): warning:  #177-D: function "USART1available" was declared but never referenced
..\main.cpp(106): warning:  #177-D: function "USART1read" was declared but never referenced
linking...
.\STM320518\STM320518-EVAL.axf: Error: L6218E: Undefined symbol USART1print (referred from stm32f0xx_it.o).
Target not created
Build target 'STM320518-EVAL'
compiling stm32f0xx_it.c...
..\main.cpp(6): error:  #20: identifier "inline" is undefined
..\main.cpp(6): error:  #101: "uint32_t" has already been declared in the current scope
..\main.cpp(6): error:  #65: expected a ";"
..\main.cpp(28): warning:  #12-D: parsing restarts here after previous syntax error
..\main.cpp(29): error:  #77-D: this declaration has no storage class or type specifier
..\main.cpp(29): error:  #65: expected a ";"
..\main.cpp(31): error:  #79: expected a type specifier
..\main.cpp(31): error:  #79: expected a type specifier
..\main.cpp(31): warning:  #77-D: this declaration has no storage class or type specifier
..\main.cpp(31): error:  #147: declaration is incompatible with "void USART_Init(USART_TypeDef *, USART_InitTypeDef *)" (declared at line 508 of "..\..\..\Libraries\STM32F0xx_StdPeriph_Driver\inc\stm32f0xx_usart.h")
..\main.cpp(33): error:  #79: expected a type specifier
..\main.cpp(33): error:  #757: constant "ENABLE" is not a type name
..\main.cpp(33): warning:  #77-D: this declaration has no storage class or type specifier
..\main.cpp(33): error:  #147: declaration is incompatible with "void USART_Cmd(USART_TypeDef *, FunctionalState)" (declared at line 512 of "..\..\..\Libraries\STM32F0xx_StdPeriph_Driver\inc\stm32f0xx_usart.h")
..\main.cpp(34): error:  #169: expected a declaration
..\main.cpp(35): error:  #169: expected a declaration
..\main.cpp(120): warning:  #12-D: parsing restarts here after previous syntax error
..\main.cpp(132): warning:  #223-D: function "USART1Init" declared implicitly
..\main.cpp(133): warning:  #223-D: function "USART1print" declared implicitly
..\main.cpp(137): error:  #18: expected a ")"
..\main.cpp(140): error:  #20: identifier "GPIO_InitStructure" is undefined
..\main.cpp(143): error:  #18: expected a ")"
..\main.cpp(146): error:  #18: expected a ")"
..\main.cpp(159): error:  #268: declaration may not appear after executable statement in block
..\main.cpp(163): error:  #18: expected a ")"
..\main.cpp(164): error:  #18: expected a ")"
..\main.cpp(165): error:  #18: expected a ")"
..\main.cpp(166): error:  #18: expected a ")"
..\main.cpp(167): error:  #18: expected a ")"
..\main.cpp(170): error:  #18: expected a ")"
..\main.cpp(170): error:  #18: expected a ")"
..\main.cpp(170): error:  #18: expected a ")"
..\main.cpp(173): error:  #18: expected a ")"
..\main.cpp(176): error:  #18: expected a ")"
..\main.cpp(179): error:  #18: expected a ")"
..\main.cpp(179): error:  #18: expected a ")"
Target not created
Build target 'STM320518-EVAL'
compiling stm32f0xx_it.c...
linking...
.\STM320518\STM320518-EVAL.axf: Error: L6218E: Undefined symbol USART1print (referred from stm32f0xx_it.o).
Target not created
Build target 'STM320518-EVAL'
compiling stm32f0xx_it.c...
linking...
Program Size: Code=2096 RO-data=224 RW-data=24 ZI-data=1056  
".\STM320518\STM320518-EVAL.axf" - 0 Error(s), 0 Warning(s).
Build target 'STM320518-EVAL'
compiling stm32f0xx_it.c...
linking...
Program Size: Code=2096 RO-data=224 RW-data=24 ZI-data=1056  
".\STM320518\STM320518-EVAL.axf" - 0 Error(s), 0 Warning(s).
Load "D:\\STMCode\\Template\\Project\\STM32F0xx_StdPeriph_Templates\\MDK-ARM\\STM320518\\STM320518-EVAL.axf" 
Erase Done.
Programming Done.
Verify OK.
Build target 'STM320518-EVAL'
compiling main.cpp...
..\main.cpp(36): warning:  #177-D: function "USART1waitForTransmit" was declared but never referenced
..\main.cpp(58): warning:  #177-D: function "USART1print(std::uint8_t)" was declared but never referenced
..\main.cpp(62): warning:  #177-D: function "put" was declared but never referenced
..\main.cpp(66): warning:  #177-D: function "print" was declared but never referenced
..\main.cpp(92): warning:  #177-D: function "USART1println(std::uint8_t)" was declared but never referenced
..\main.cpp(85): warning:  #177-D: function "USART1println(std::int32_t)" was declared but never referenced
..\main.cpp(72): warning:  #177-D: function "USART1println(std::int16_t)" was declared but never referenced
..\main.cpp(102): warning:  #177-D: function "USART1available" was declared but never referenced
..\main.cpp(106): warning:  #177-D: function "USART1read" was declared but never referenced
linking...
Program Size: Code=2088 RO-data=224 RW-data=24 ZI-data=1056  
".\STM320518\STM320518-EVAL.axf" - 0 Error(s), 9 Warning(s).
Load "D:\\STMCode\\Template\\Project\\STM32F0xx_StdPeriph_Templates\\MDK-ARM\\STM320518\\STM320518-EVAL.axf" 
Erase Done.
Programming Done.
Verify OK.
Build target 'STM320518-EVAL'
compiling main.cpp...
..\main.cpp(36): warning:  #177-D: function "USART1waitForTransmit" was declared but never referenced
..\main.cpp(58): warning:  #177-D: function "USART1print(std::uint8_t)" was declared but never referenced
..\main.cpp(62): warning:  #177-D: function "put" was declared but never referenced
..\main.cpp(66): warning:  #177-D: function "print" was declared but never referenced
..\main.cpp(92): warning:  #177-D: function "USART1println(std::uint8_t)" was declared but never referenced
..\main.cpp(85): warning:  #177-D: function "USART1println(std::int32_t)" was declared but never referenced
..\main.cpp(72): warning:  #177-D: function "USART1println(std::int16_t)" was declared but never referenced
..\main.cpp(102): warning:  #177-D: function "USART1available" was declared but never referenced
..\main.cpp(106): warning:  #177-D: function "USART1read" was declared but never referenced
linking...
Program Size: Code=2092 RO-data=224 RW-data=24 ZI-data=1056  
".\STM320518\STM320518-EVAL.axf" - 0 Error(s), 9 Warning(s).
Load "D:\\STMCode\\Template\\Project\\STM32F0xx_StdPeriph_Templates\\MDK-ARM\\STM320518\\STM320518-EVAL.axf" 
Erase Done.
Programming Done.
Verify OK.
Build target 'STM320518-EVAL'
compiling stm32f0xx_it.c...
compiling main.cpp...
..\main.cpp(36): warning:  #177-D: function "USART1waitForTransmit" was declared but never referenced
..\main.cpp(58): warning:  #177-D: function "USART1print(std::uint8_t)" was declared but never referenced
..\main.cpp(62): warning:  #177-D: function "put" was declared but never referenced
..\main.cpp(66): warning:  #177-D: function "print" was declared but never referenced
..\main.cpp(92): warning:  #177-D: function "USART1println(std::uint8_t)" was declared but never referenced
..\main.cpp(85): warning:  #177-D: function "USART1println(std::int32_t)" was declared but never referenced
..\main.cpp(72): warning:  #177-D: function "USART1println(std::int16_t)" was declared but never referenced
..\main.cpp(102): warning:  #177-D: function "USART1available" was declared but never referenced
..\main.cpp(106): warning:  #177-D: function "USART1read" was declared but never referenced
linking...
Program Size: Code=2060 RO-data=224 RW-data=24 ZI-data=1056  
".\STM320518\STM320518-EVAL.axf" - 0 Error(s), 9 Warning(s).
Load "D:\\STMCode\\Template\\Project\\STM32F0xx_StdPeriph_Templates\\MDK-ARM\\STM320518\\STM320518-EVAL.axf" 
Erase Done.
Programming Done.
Verify OK.
Build target 'STM320518-EVAL'
compiling stm32f0xx_it.c...
compiling main.cpp...
..\main.cpp(120): error:  #169: expected a declaration
..\main.cpp(36): warning:  #177-D: function "USART1waitForTransmit" was declared but never referenced
..\main.cpp(58): warning:  #177-D: function "USART1print(std::uint8_t)" was declared but never referenced
..\main.cpp(62): warning:  #177-D: function "put" was declared but never referenced
..\main.cpp(66): warning:  #177-D: function "print" was declared but never referenced
..\main.cpp(92): warning:  #177-D: function "USART1println(std::uint8_t)" was declared but never referenced
..\main.cpp(85): warning:  #177-D: function "USART1println(std::int32_t)" was declared but never referenced
..\main.cpp(72): warning:  #177-D: function "USART1println(std::int16_t)" was declared but never referenced
..\main.cpp(102): warning:  #177-D: function "USART1available" was declared but never referenced
..\main.cpp(106): warning:  #177-D: function "USART1read" was declared but never referenced
Target not created
Build target 'STM320518-EVAL'
compiling main.cpp...
..\main.cpp(36): warning:  #177-D: function "USART1waitForTransmit" was declared but never referenced
..\main.cpp(58): warning:  #177-D: function "USART1print(std::uint8_t)" was declared but never referenced
..\main.cpp(62): warning:  #177-D: function "put" was declared but never referenced
..\main.cpp(66): warning:  #177-D: function "print" was declared but never referenced
..\main.cpp(92): warning:  #177-D: function "USART1println(std::uint8_t)" was declared but never referenced
..\main.cpp(85): warning:  #177-D: function "USART1println(std::int32_t)" was declared but never referenced
..\main.cpp(72): warning:  #177-D: function "USART1println(std::int16_t)" was declared but never referenced
..\main.cpp(102): warning:  #177-D: function "USART1available" was declared but never referenced
..\main.cpp(106): warning:  #177-D: function "USART1read" was declared but never referenced
linking...
Program Size: Code=2060 RO-data=224 RW-data=24 ZI-data=1056  
".\STM320518\STM320518-EVAL.axf" - 0 Error(s), 9 Warning(s).
Load "D:\\STMCode\\Template\\Project\\STM32F0xx_StdPeriph_Templates\\MDK-ARM\\STM320518\\STM320518-EVAL.axf" 
Erase Done.
Programming Done.
Verify OK.
Build target 'STM320518-EVAL'
compiling stm32f0xx_it.c...
..\stm32f0xx_it.c(94): warning:  #1295-D: Deprecated declaration dupa - give arg types
compiling main.cpp...
..\main.cpp(36): warning:  #177-D: function "USART1waitForTransmit" was declared but never referenced
..\main.cpp(58): warning:  #177-D: function "USART1print(std::uint8_t)" was declared but never referenced
..\main.cpp(62): warning:  #177-D: function "put" was declared but never referenced
..\main.cpp(66): warning:  #177-D: function "print" was declared but never referenced
..\main.cpp(92): warning:  #177-D: function "USART1println(std::uint8_t)" was declared but never referenced
..\main.cpp(85): warning:  #177-D: function "USART1println(std::int32_t)" was declared but never referenced
..\main.cpp(72): warning:  #177-D: function "USART1println(std::int16_t)" was declared but never referenced
..\main.cpp(102): warning:  #177-D: function "USART1available" was declared but never referenced
..\main.cpp(106): warning:  #177-D: function "USART1read" was declared but never referenced
linking...
.\STM320518\STM320518-EVAL.axf: Error: L6218E: Undefined symbol dupa (referred from stm32f0xx_it.o).
Target not created
Build target 'STM320518-EVAL'
compiling stm32f0xx_it.c...
linking...
.\STM320518\STM320518-EVAL.axf: Error: L6218E: Undefined symbol dupa (referred from stm32f0xx_it.o).
Target not created
Build target 'STM320518-EVAL'
compiling stm32f0xx_it.c...
compiling main.cpp...
..\main.cpp(36): warning:  #177-D: function "USART1waitForTransmit" was declared but never referenced
..\main.cpp(58): warning:  #177-D: function "USART1print(std::uint8_t)" was declared but never referenced
..\main.cpp(62): warning:  #177-D: function "put" was declared but never referenced
..\main.cpp(66): warning:  #177-D: function "print" was declared but never referenced
..\main.cpp(92): warning:  #177-D: function "USART1println(std::uint8_t)" was declared but never referenced
..\main.cpp(85): warning:  #177-D: function "USART1println(std::int32_t)" was declared but never referenced
..\main.cpp(72): warning:  #177-D: function "USART1println(std::int16_t)" was declared but never referenced
..\main.cpp(102): warning:  #177-D: function "USART1available" was declared but never referenced
..\main.cpp(106): warning:  #177-D: function "USART1read" was declared but never referenced
linking...
.\STM320518\STM320518-EVAL.axf: Error: L6218E: Undefined symbol dupa (referred from stm32f0xx_it.o).
Target not created
Build target 'STM320518-EVAL'
compiling main.cpp...
..\main.cpp(36): warning:  #177-D: function "USART1waitForTransmit" was declared but never referenced
..\main.cpp(58): warning:  #177-D: function "USART1print(std::uint8_t)" was declared but never referenced
..\main.cpp(62): warning:  #177-D: function "put" was declared but never referenced
..\main.cpp(66): warning:  #177-D: function "print" was declared but never referenced
..\main.cpp(92): warning:  #177-D: function "USART1println(std::uint8_t)" was declared but never referenced
..\main.cpp(85): warning:  #177-D: function "USART1println(std::int32_t)" was declared but never referenced
..\main.cpp(72): warning:  #177-D: function "USART1println(std::int16_t)" was declared but never referenced
..\main.cpp(102): warning:  #177-D: function "USART1available" was declared but never referenced
..\main.cpp(106): warning:  #177-D: function "USART1read" was declared but never referenced
linking...
.\STM320518\STM320518-EVAL.axf: Error: L6218E: Undefined symbol dupa (referred from stm32f0xx_it.o).
Target not created
Rebuild target 'STM320518-EVAL'
compiling stm32f0xx_it.c...
compiling main.cpp...
..\main.cpp(36): warning:  #177-D: function "USART1waitForTransmit" was declared but never referenced
..\main.cpp(58): warning:  #177-D: function "USART1print(std::uint8_t)" was declared but never referenced
..\main.cpp(62): warning:  #177-D: function "put" was declared but never referenced
..\main.cpp(66): warning:  #177-D: function "print" was declared but never referenced
..\main.cpp(92): warning:  #177-D: function "USART1println(std::uint8_t)" was declared but never referenced
..\main.cpp(85): warning:  #177-D: function "USART1println(std::int32_t)" was declared but never referenced
..\main.cpp(72): warning:  #177-D: function "USART1println(std::int16_t)" was declared but never referenced
..\main.cpp(102): warning:  #177-D: function "USART1available" was declared but never referenced
..\main.cpp(106): warning:  #177-D: function "USART1read" was declared but never referenced
compiling stm32f0xx_adc.c...
compiling stm32f0xx_crc.c...
compiling stm32f0xx_dac.c...
compiling stm32f0xx_dma.c...
compiling stm32f0xx_gpio.c...
compiling stm32f0xx_i2c.c...
compiling stm32f0xx_misc.c...
compiling stm32f0xx_rcc.c...
compiling stm32f0xx_spi.c...
compiling stm32f0xx_tim.c...
compiling stm32f0xx_usart.c...
compiling system_stm32f0xx.c...
assembling startup_stm32f0xx.s...
linking...
.\STM320518\STM320518-EVAL.axf: Error: L6218E: Undefined symbol dupa (referred from stm32f0xx_it.o).
Target not created
Build target 'STM320518-EVAL'
compiling stm32f0xx_it.c...
linking...
Program Size: Code=2064 RO-data=224 RW-data=24 ZI-data=1056  
".\STM320518\STM320518-EVAL.axf" - 0 Error(s), 0 Warning(s).
Build target 'STM320518-EVAL'
compiling stm32f0xx_it.c...
linking...
.\STM320518\STM320518-EVAL.axf: Error: L6218E: Undefined symbol dupa (referred from stm32f0xx_it.o).
Target not created
Build target 'STM320518-EVAL'
compiling stm32f0xx_it.c...
compiling main.cpp...
..\main.cpp(37): warning:  #177-D: function "USART1waitForTransmit" was declared but never referenced
..\main.cpp(59): warning:  #177-D: function "USART1print(std::uint8_t)" was declared but never referenced
..\main.cpp(63): warning:  #177-D: function "put" was declared but never referenced
..\main.cpp(67): warning:  #177-D: function "print" was declared but never referenced
..\main.cpp(93): warning:  #177-D: function "USART1println(std::uint8_t)" was declared but never referenced
..\main.cpp(86): warning:  #177-D: function "USART1println(std::int32_t)" was declared but never referenced
..\main.cpp(73): warning:  #177-D: function "USART1println(std::int16_t)" was declared but never referenced
..\main.cpp(103): warning:  #177-D: function "USART1available" was declared but never referenced
..\main.cpp(107): warning:  #177-D: function "USART1read" was declared but never referenced
linking...
Program Size: Code=2084 RO-data=228 RW-data=24 ZI-data=1056  
".\STM320518\STM320518-EVAL.axf" - 0 Error(s), 9 Warning(s).
Load "D:\\STMCode\\Template\\Project\\STM32F0xx_StdPeriph_Templates\\MDK-ARM\\STM320518\\STM320518-EVAL.axf" 
Erase Done.
Programming Done.
Verify OK.
Build target 'STM320518-EVAL'
compiling stm32f0xx_it.c...
compiling main.cpp...
..\main.cpp(37): warning:  #177-D: function "USART1waitForTransmit" was declared but never referenced
..\main.cpp(59): warning:  #177-D: function "USART1print(std::uint8_t)" was declared but never referenced
..\main.cpp(63): warning:  #177-D: function "put" was declared but never referenced
..\main.cpp(67): warning:  #177-D: function "print" was declared but never referenced
..\main.cpp(93): warning:  #177-D: function "USART1println(std::uint8_t)" was declared but never referenced
..\main.cpp(73): warning:  #177-D: function "USART1println(std::int16_t)" was declared but never referenced
..\main.cpp(103): warning:  #177-D: function "USART1available" was declared but never referenced
..\main.cpp(107): warning:  #177-D: function "USART1read" was declared but never referenced
linking...
Program Size: Code=2164 RO-data=228 RW-data=28 ZI-data=1052  
".\STM320518\STM320518-EVAL.axf" - 0 Error(s), 8 Warning(s).
Load "D:\\STMCode\\Template\\Project\\STM32F0xx_StdPeriph_Templates\\MDK-ARM\\STM320518\\STM320518-EVAL.axf" 
Erase Done.
Programming Done.
Verify OK.
Build target 'STM320518-EVAL'
compiling main.cpp...
..\main.cpp(37): warning:  #177-D: function "USART1waitForTransmit" was declared but never referenced
..\main.cpp(59): warning:  #177-D: function "USART1print(std::uint8_t)" was declared but never referenced
..\main.cpp(63): warning:  #177-D: function "put" was declared but never referenced
..\main.cpp(67): warning:  #177-D: function "print" was declared but never referenced
..\main.cpp(93): warning:  #177-D: function "USART1println(std::uint8_t)" was declared but never referenced
..\main.cpp(73): warning:  #177-D: function "USART1println(std::int16_t)" was declared but never referenced
..\main.cpp(103): warning:  #177-D: function "USART1available" was declared but never referenced
..\main.cpp(107): warning:  #177-D: function "USART1read" was declared but never referenced
linking...
Program Size: Code=2164 RO-data=228 RW-data=28 ZI-data=1052  
".\STM320518\STM320518-EVAL.axf" - 0 Error(s), 8 Warning(s).
Load "D:\\STMCode\\Template\\Project\\STM32F0xx_StdPeriph_Templates\\MDK-ARM\\STM320518\\STM320518-EVAL.axf" 
Erase Done.
Programming Done.
Verify OK.
Build target 'STM320518-EVAL'
compiling main.cpp...
..\main.cpp(37): warning:  #177-D: function "USART1waitForTransmit" was declared but never referenced
..\main.cpp(59): warning:  #177-D: function "USART1print(std::uint8_t)" was declared but never referenced
..\main.cpp(63): warning:  #177-D: function "put" was declared but never referenced
..\main.cpp(67): warning:  #177-D: function "print" was declared but never referenced
..\main.cpp(93): warning:  #177-D: function "USART1println(std::uint8_t)" was declared but never referenced
..\main.cpp(73): warning:  #177-D: function "USART1println(std::int16_t)" was declared but never referenced
..\main.cpp(103): warning:  #177-D: function "USART1available" was declared but never referenced
..\main.cpp(107): warning:  #177-D: function "USART1read" was declared but never referenced
linking...
Program Size: Code=2168 RO-data=228 RW-data=28 ZI-data=1052  
".\STM320518\STM320518-EVAL.axf" - 0 Error(s), 8 Warning(s).
Load "D:\\STMCode\\Template\\Project\\STM32F0xx_StdPeriph_Templates\\MDK-ARM\\STM320518\\STM320518-EVAL.axf" 
Erase Done.
Programming Done.
Verify OK.
Build target 'STM320518-EVAL'
compiling main.cpp...
..\main.cpp(37): warning:  #177-D: function "USART1waitForTransmit" was declared but never referenced
..\main.cpp(59): warning:  #177-D: function "USART1print(std::uint8_t)" was declared but never referenced
..\main.cpp(63): warning:  #177-D: function "put" was declared but never referenced
..\main.cpp(67): warning:  #177-D: function "print" was declared but never referenced
..\main.cpp(93): warning:  #177-D: function "USART1println(std::uint8_t)" was declared but never referenced
..\main.cpp(73): warning:  #177-D: function "USART1println(std::int16_t)" was declared but never referenced
..\main.cpp(103): warning:  #177-D: function "USART1available" was declared but never referenced
..\main.cpp(107): warning:  #177-D: function "USART1read" was declared but never referenced
compiling stm32f0xx_adc.c...
linking...
Program Size: Code=2180 RO-data=228 RW-data=32 ZI-data=1056  
".\STM320518\STM320518-EVAL.axf" - 0 Error(s), 8 Warning(s).
Load "D:\\STMCode\\Template\\Project\\STM32F0xx_StdPeriph_Templates\\MDK-ARM\\STM320518\\STM320518-EVAL.axf" 
Erase Done.
Programming Done.
Verify OK.
Build target 'STM320518-EVAL'
linking...
Program Size: Code=2180 RO-data=228 RW-data=32 ZI-data=1056  
".\STM320518\STM320518-EVAL.axf" - 0 Error(s), 0 Warning(s).
Build target 'STM320518-EVAL'
compiling main.cpp...
..\main.cpp(37): warning:  #177-D: function "USART1waitForTransmit" was declared but never referenced
..\main.cpp(59): warning:  #177-D: function "USART1print(std::uint8_t)" was declared but never referenced
..\main.cpp(63): warning:  #177-D: function "put" was declared but never referenced
..\main.cpp(67): warning:  #177-D: function "print" was declared but never referenced
..\main.cpp(93): warning:  #177-D: function "USART1println(std::uint8_t)" was declared but never referenced
..\main.cpp(73): warning:  #177-D: function "USART1println(std::int16_t)" was declared but never referenced
..\main.cpp(103): warning:  #177-D: function "USART1available" was declared but never referenced
..\main.cpp(107): warning:  #177-D: function "USART1read" was declared but never referenced
linking...
Program Size: Code=2180 RO-data=228 RW-data=32 ZI-data=1056  
".\STM320518\STM320518-EVAL.axf" - 0 Error(s), 8 Warning(s).
Load "D:\\STMCode\\Template\\Project\\STM32F0xx_StdPeriph_Templates\\MDK-ARM\\STM320518\\STM320518-EVAL.axf" 
Load "D:\\STMCode\\Template\\Project\\STM32F0xx_StdPeriph_Templates\\MDK-ARM\\STM320518\\STM320518-EVAL.axf" 
Erase Done.
Programming Done.
Verify OK.
Build target 'STM320518-EVAL'
compiling main.cpp...
..\main.cpp(37): warning:  #177-D: function "USART1waitForTransmit" was declared but never referenced
..\main.cpp(59): warning:  #177-D: function "USART1print(std::uint8_t)" was declared but never referenced
..\main.cpp(63): warning:  #177-D: function "put" was declared but never referenced
..\main.cpp(67): warning:  #177-D: function "print" was declared but never referenced
..\main.cpp(93): warning:  #177-D: function "USART1println(std::uint8_t)" was declared but never referenced
..\main.cpp(73): warning:  #177-D: function "USART1println(std::int16_t)" was declared but never referenced
..\main.cpp(103): warning:  #177-D: function "USART1available" was declared but never referenced
..\main.cpp(107): warning:  #177-D: function "USART1read" was declared but never referenced
linking...
Program Size: Code=2180 RO-data=228 RW-data=32 ZI-data=1056  
".\STM320518\STM320518-EVAL.axf" - 0 Error(s), 8 Warning(s).
Load "D:\\STMCode\\Template\\Project\\STM32F0xx_StdPeriph_Templates\\MDK-ARM\\STM320518\\STM320518-EVAL.axf" 
Erase Done.
Programming Done.
Verify OK.
Build target 'STM320518-EVAL'
compiling main.cpp...
..\main.cpp(37): warning:  #177-D: function "USART1waitForTransmit" was declared but never referenced
..\main.cpp(59): warning:  #177-D: function "USART1print(std::uint8_t)" was declared but never referenced
..\main.cpp(63): warning:  #177-D: function "put" was declared but never referenced
..\main.cpp(67): warning:  #177-D: function "print" was declared but never referenced
..\main.cpp(93): warning:  #177-D: function "USART1println(std::uint8_t)" was declared but never referenced
..\main.cpp(73): warning:  #177-D: function "USART1println(std::int16_t)" was declared but never referenced
..\main.cpp(103): warning:  #177-D: function "USART1available" was declared but never referenced
..\main.cpp(107): warning:  #177-D: function "USART1read" was declared but never referenced
linking...
Program Size: Code=2180 RO-data=228 RW-data=32 ZI-data=1056  
".\STM320518\STM320518-EVAL.axf" - 0 Error(s), 8 Warning(s).
Load "D:\\STMCode\\Template\\Project\\STM32F0xx_StdPeriph_Templates\\MDK-ARM\\STM320518\\STM320518-EVAL.axf" 
Erase Done.
Programming Done.
Verify OK.
Build target 'STM320518-EVAL'
compiling main.cpp...
..\main.cpp(37): warning:  #177-D: function "USART1waitForTransmit" was declared but never referenced
..\main.cpp(59): warning:  #177-D: function "USART1print(std::uint8_t)" was declared but never referenced
..\main.cpp(63): warning:  #177-D: function "put" was declared but never referenced
..\main.cpp(67): warning:  #177-D: function "print" was declared but never referenced
..\main.cpp(93): warning:  #177-D: function "USART1println(std::uint8_t)" was declared but never referenced
..\main.cpp(73): warning:  #177-D: function "USART1println(std::int16_t)" was declared but never referenced
..\main.cpp(103): warning:  #177-D: function "USART1available" was declared but never referenced
..\main.cpp(107): warning:  #177-D: function "USART1read" was declared but never referenced
linking...
Program Size: Code=2180 RO-data=228 RW-data=32 ZI-data=1056  
".\STM320518\STM320518-EVAL.axf" - 0 Error(s), 8 Warning(s).
Load "D:\\STMCode\\Template\\Project\\STM32F0xx_StdPeriph_Templates\\MDK-ARM\\STM320518\\STM320518-EVAL.axf" 
Erase Done.
Programming Done.
Verify OK.
Build target 'STM320518-EVAL'
compiling main.cpp...
..\main.cpp(37): warning:  #177-D: function "USART1waitForTransmit" was declared but never referenced
..\main.cpp(59): warning:  #177-D: function "USART1print(std::uint8_t)" was declared but never referenced
..\main.cpp(63): warning:  #177-D: function "put" was declared but never referenced
..\main.cpp(67): warning:  #177-D: function "print" was declared but never referenced
..\main.cpp(93): warning:  #177-D: function "USART1println(std::uint8_t)" was declared but never referenced
..\main.cpp(73): warning:  #177-D: function "USART1println(std::int16_t)" was declared but never referenced
..\main.cpp(103): warning:  #177-D: function "USART1available" was declared but never referenced
..\main.cpp(107): warning:  #177-D: function "USART1read" was declared but never referenced
linking...
Program Size: Code=2176 RO-data=228 RW-data=32 ZI-data=1056  
".\STM320518\STM320518-EVAL.axf" - 0 Error(s), 8 Warning(s).
Load "D:\\STMCode\\Template\\Project\\STM32F0xx_StdPeriph_Templates\\MDK-ARM\\STM320518\\STM320518-EVAL.axf" 
Erase Done.
Programming Done.
Verify OK.
Build target 'STM320518-EVAL'
compiling main.cpp...
..\main.cpp(37): warning:  #177-D: function "USART1waitForTransmit" was declared but never referenced
..\main.cpp(59): warning:  #177-D: function "USART1print(std::uint8_t)" was declared but never referenced
..\main.cpp(63): warning:  #177-D: function "put" was declared but never referenced
..\main.cpp(67): warning:  #177-D: function "print" was declared but never referenced
..\main.cpp(93): warning:  #177-D: function "USART1println(std::uint8_t)" was declared but never referenced
..\main.cpp(73): warning:  #177-D: function "USART1println(std::int16_t)" was declared but never referenced
..\main.cpp(103): warning:  #177-D: function "USART1available" was declared but never referenced
..\main.cpp(107): warning:  #177-D: function "USART1read" was declared but never referenced
linking...
Program Size: Code=2176 RO-data=228 RW-data=32 ZI-data=1056  
".\STM320518\STM320518-EVAL.axf" - 0 Error(s), 8 Warning(s).
Load "D:\\STMCode\\Template\\Project\\STM32F0xx_StdPeriph_Templates\\MDK-ARM\\STM320518\\STM320518-EVAL.axf" 
Erase Done.
Programming Done.
Verify OK.
Build target 'STM320518-EVAL'
compiling main.cpp...
..\main.cpp(37): warning:  #177-D: function "USART1waitForTransmit" was declared but never referenced
..\main.cpp(59): warning:  #177-D: function "USART1print(std::uint8_t)" was declared but never referenced
..\main.cpp(63): warning:  #177-D: function "put" was declared but never referenced
..\main.cpp(67): warning:  #177-D: function "print" was declared but never referenced
..\main.cpp(93): warning:  #177-D: function "USART1println(std::uint8_t)" was declared but never referenced
..\main.cpp(73): warning:  #177-D: function "USART1println(std::int16_t)" was declared but never referenced
..\main.cpp(103): warning:  #177-D: function "USART1available" was declared but never referenced
..\main.cpp(107): warning:  #177-D: function "USART1read" was declared but never referenced
linking...
Program Size: Code=2208 RO-data=228 RW-data=36 ZI-data=1052  
".\STM320518\STM320518-EVAL.axf" - 0 Error(s), 8 Warning(s).
Load "D:\\STMCode\\Template\\Project\\STM32F0xx_StdPeriph_Templates\\MDK-ARM\\STM320518\\STM320518-EVAL.axf" 
Erase Done.
Programming Done.
Verify OK.
Build target 'STM320518-EVAL'
compiling main.cpp...
..\main.cpp(37): warning:  #177-D: function "USART1waitForTransmit" was declared but never referenced
..\main.cpp(59): warning:  #177-D: function "USART1print(std::uint8_t)" was declared but never referenced
..\main.cpp(63): warning:  #177-D: function "put" was declared but never referenced
..\main.cpp(67): warning:  #177-D: function "print" was declared but never referenced
..\main.cpp(93): warning:  #177-D: function "USART1println(std::uint8_t)" was declared but never referenced
..\main.cpp(73): warning:  #177-D: function "USART1println(std::int16_t)" was declared but never referenced
..\main.cpp(103): warning:  #177-D: function "USART1available" was declared but never referenced
..\main.cpp(107): warning:  #177-D: function "USART1read" was declared but never referenced
linking...
Program Size: Code=2176 RO-data=228 RW-data=32 ZI-data=1056  
".\STM320518\STM320518-EVAL.axf" - 0 Error(s), 8 Warning(s).
Load "D:\\STMCode\\Template\\Project\\STM32F0xx_StdPeriph_Templates\\MDK-ARM\\STM320518\\STM320518-EVAL.axf" 
Erase Done.
Programming Done.
Verify OK.
Build target 'STM320518-EVAL'
compiling main.cpp...
..\main.cpp(37): warning:  #177-D: function "USART1waitForTransmit" was declared but never referenced
..\main.cpp(59): warning:  #177-D: function "USART1print(std::uint8_t)" was declared but never referenced
..\main.cpp(63): warning:  #177-D: function "put" was declared but never referenced
..\main.cpp(67): warning:  #177-D: function "print" was declared but never referenced
..\main.cpp(93): warning:  #177-D: function "USART1println(std::uint8_t)" was declared but never referenced
..\main.cpp(73): warning:  #177-D: function "USART1println(std::int16_t)" was declared but never referenced
..\main.cpp(103): warning:  #177-D: function "USART1available" was declared but never referenced
..\main.cpp(107): warning:  #177-D: function "USART1read" was declared but never referenced
linking...
Program Size: Code=2180 RO-data=228 RW-data=32 ZI-data=1056  
".\STM320518\STM320518-EVAL.axf" - 0 Error(s), 8 Warning(s).
Load "D:\\STMCode\\Template\\Project\\STM32F0xx_StdPeriph_Templates\\MDK-ARM\\STM320518\\STM320518-EVAL.axf" 
Erase Done.
Programming Done.
Verify OK.
Build target 'STM320518-EVAL'
compiling main.cpp...
..\main.cpp(37): warning:  #177-D: function "USART1waitForTransmit" was declared but never referenced
..\main.cpp(59): warning:  #177-D: function "USART1print(std::uint8_t)" was declared but never referenced
..\main.cpp(63): warning:  #177-D: function "put" was declared but never referenced
..\main.cpp(67): warning:  #177-D: function "print" was declared but never referenced
..\main.cpp(93): warning:  #177-D: function "USART1println(std::uint8_t)" was declared but never referenced
..\main.cpp(73): warning:  #177-D: function "USART1println(std::int16_t)" was declared but never referenced
..\main.cpp(103): warning:  #177-D: function "USART1available" was declared but never referenced
..\main.cpp(107): warning:  #177-D: function "USART1read" was declared but never referenced
linking...
Program Size: Code=2180 RO-data=228 RW-data=32 ZI-data=1056  
".\STM320518\STM320518-EVAL.axf" - 0 Error(s), 8 Warning(s).
Load "D:\\STMCode\\Template\\Project\\STM32F0xx_StdPeriph_Templates\\MDK-ARM\\STM320518\\STM320518-EVAL.axf" 
Erase Done.
Programming Done.
Verify OK.
Build target 'STM320518-EVAL'
compiling main.cpp...
..\main.cpp(37): warning:  #177-D: function "USART1waitForTransmit" was declared but never referenced
..\main.cpp(59): warning:  #177-D: function "USART1print(std::uint8_t)" was declared but never referenced
..\main.cpp(63): warning:  #177-D: function "put" was declared but never referenced
..\main.cpp(67): warning:  #177-D: function "print" was declared but never referenced
..\main.cpp(93): warning:  #177-D: function "USART1println(std::uint8_t)" was declared but never referenced
..\main.cpp(73): warning:  #177-D: function "USART1println(std::int16_t)" was declared but never referenced
..\main.cpp(103): warning:  #177-D: function "USART1available" was declared but never referenced
..\main.cpp(107): warning:  #177-D: function "USART1read" was declared but never referenced
linking...
Program Size: Code=2180 RO-data=228 RW-data=32 ZI-data=1056  
".\STM320518\STM320518-EVAL.axf" - 0 Error(s), 8 Warning(s).
Load "D:\\STMCode\\Template\\Project\\STM32F0xx_StdPeriph_Templates\\MDK-ARM\\STM320518\\STM320518-EVAL.axf" 
Erase Done.
Programming Done.
Verify OK.
Build target 'STM320518-EVAL'
compiling main.cpp...
..\main.cpp(37): warning:  #177-D: function "USART1waitForTransmit" was declared but never referenced
..\main.cpp(59): warning:  #177-D: function "USART1print(std::uint8_t)" was declared but never referenced
..\main.cpp(63): warning:  #177-D: function "put" was declared but never referenced
..\main.cpp(67): warning:  #177-D: function "print" was declared but never referenced
..\main.cpp(93): warning:  #177-D: function "USART1println(std::uint8_t)" was declared but never referenced
..\main.cpp(73): warning:  #177-D: function "USART1println(std::int16_t)" was declared but never referenced
..\main.cpp(103): warning:  #177-D: function "USART1available" was declared but never referenced
..\main.cpp(107): warning:  #177-D: function "USART1read" was declared but never referenced
linking...
Program Size: Code=2180 RO-data=228 RW-data=32 ZI-data=1056  
".\STM320518\STM320518-EVAL.axf" - 0 Error(s), 8 Warning(s).
Load "D:\\STMCode\\Template\\Project\\STM32F0xx_StdPeriph_Templates\\MDK-ARM\\STM320518\\STM320518-EVAL.axf" 
Erase Done.
Programming Done.
Verify OK.
Build target 'STM320518-EVAL'
compiling main.cpp...
..\main.cpp(37): warning:  #177-D: function "USART1waitForTransmit" was declared but never referenced
..\main.cpp(59): warning:  #177-D: function "USART1print(std::uint8_t)" was declared but never referenced
..\main.cpp(63): warning:  #177-D: function "put" was declared but never referenced
..\main.cpp(67): warning:  #177-D: function "print" was declared but never referenced
..\main.cpp(93): warning:  #177-D: function "USART1println(std::uint8_t)" was declared but never referenced
..\main.cpp(73): warning:  #177-D: function "USART1println(std::int16_t)" was declared but never referenced
..\main.cpp(103): warning:  #177-D: function "USART1available" was declared but never referenced
..\main.cpp(107): warning:  #177-D: function "USART1read" was declared but never referenced
linking...
Program Size: Code=2188 RO-data=228 RW-data=32 ZI-data=1056  
".\STM320518\STM320518-EVAL.axf" - 0 Error(s), 8 Warning(s).
Load "D:\\STMCode\\Template\\Project\\STM32F0xx_StdPeriph_Templates\\MDK-ARM\\STM320518\\STM320518-EVAL.axf" 
Erase Done.
Programming Done.
Verify OK.
Build target 'STM320518-EVAL'
compiling main.cpp...
..\main.cpp(37): warning:  #177-D: function "USART1waitForTransmit" was declared but never referenced
..\main.cpp(59): warning:  #177-D: function "USART1print(std::uint8_t)" was declared but never referenced
..\main.cpp(63): warning:  #177-D: function "put" was declared but never referenced
..\main.cpp(67): warning:  #177-D: function "print" was declared but never referenced
..\main.cpp(93): warning:  #177-D: function "USART1println(std::uint8_t)" was declared but never referenced
..\main.cpp(73): warning:  #177-D: function "USART1println(std::int16_t)" was declared but never referenced
..\main.cpp(103): warning:  #177-D: function "USART1available" was declared but never referenced
..\main.cpp(107): warning:  #177-D: function "USART1read" was declared but never referenced
linking...
Program Size: Code=2180 RO-data=228 RW-data=32 ZI-data=1056  
".\STM320518\STM320518-EVAL.axf" - 0 Error(s), 8 Warning(s).
Build target 'STM320518-EVAL'
compiling main.cpp...
..\main.cpp(37): warning:  #177-D: function "USART1waitForTransmit" was declared but never referenced
..\main.cpp(59): warning:  #177-D: function "USART1print(std::uint8_t)" was declared but never referenced
..\main.cpp(63): warning:  #177-D: function "put" was declared but never referenced
..\main.cpp(67): warning:  #177-D: function "print" was declared but never referenced
..\main.cpp(93): warning:  #177-D: function "USART1println(std::uint8_t)" was declared but never referenced
..\main.cpp(73): warning:  #177-D: function "USART1println(std::int16_t)" was declared but never referenced
..\main.cpp(103): warning:  #177-D: function "USART1available" was declared but never referenced
..\main.cpp(107): warning:  #177-D: function "USART1read" was declared but never referenced
linking...
Program Size: Code=2180 RO-data=228 RW-data=32 ZI-data=1056  
".\STM320518\STM320518-EVAL.axf" - 0 Error(s), 8 Warning(s).
Load "D:\\STMCode\\Template\\Project\\STM32F0xx_StdPeriph_Templates\\MDK-ARM\\STM320518\\STM320518-EVAL.axf" 
Erase Done.
Programming Done.
Verify OK.
Build target 'STM320518-EVAL'
compiling main.cpp...
..\main.cpp(37): warning:  #177-D: function "USART1waitForTransmit" was declared but never referenced
..\main.cpp(59): warning:  #177-D: function "USART1print(std::uint8_t)" was declared but never referenced
..\main.cpp(63): warning:  #177-D: function "put" was declared but never referenced
..\main.cpp(67): warning:  #177-D: function "print" was declared but never referenced
..\main.cpp(93): warning:  #177-D: function "USART1println(std::uint8_t)" was declared but never referenced
..\main.cpp(73): warning:  #177-D: function "USART1println(std::int16_t)" was declared but never referenced
..\main.cpp(103): warning:  #177-D: function "USART1available" was declared but never referenced
..\main.cpp(107): warning:  #177-D: function "USART1read" was declared but never referenced
linking...
Program Size: Code=2180 RO-data=228 RW-data=32 ZI-data=1056  
".\STM320518\STM320518-EVAL.axf" - 0 Error(s), 8 Warning(s).
Load "D:\\STMCode\\Template\\Project\\STM32F0xx_StdPeriph_Templates\\MDK-ARM\\STM320518\\STM320518-EVAL.axf" 
Erase Done.
Programming Done.
Verify OK.
Rebuild target 'STM320518-EVAL'
compiling stm32f0xx_it.c...
compiling main.cpp...
..\main.cpp(37): warning:  #177-D: function "USART1waitForTransmit" was declared but never referenced
..\main.cpp(59): warning:  #177-D: function "USART1print(std::uint8_t)" was declared but never referenced
..\main.cpp(63): warning:  #177-D: function "put" was declared but never referenced
..\main.cpp(67): warning:  #177-D: function "print" was declared but never referenced
..\main.cpp(93): warning:  #177-D: function "USART1println(std::uint8_t)" was declared but never referenced
..\main.cpp(73): warning:  #177-D: function "USART1println(std::int16_t)" was declared but never referenced
..\main.cpp(103): warning:  #177-D: function "USART1available" was declared but never referenced
..\main.cpp(107): warning:  #177-D: function "USART1read" was declared but never referenced
compiling stm32f0xx_adc.c...
compiling stm32f0xx_crc.c...
compiling stm32f0xx_dac.c...
compiling stm32f0xx_dma.c...
compiling stm32f0xx_gpio.c...
compiling stm32f0xx_i2c.c...
compiling stm32f0xx_misc.c...
compiling stm32f0xx_rcc.c...
compiling stm32f0xx_spi.c...
compiling stm32f0xx_tim.c...
compiling stm32f0xx_usart.c...
compiling system_stm32f0xx.c...
assembling startup_stm32f0xx.s...
linking...
Program Size: Code=2180 RO-data=228 RW-data=32 ZI-data=1056  
".\STM320518\STM320518-EVAL.axf" - 0 Error(s), 8 Warning(s).
Load "D:\\STMCode\\Template\\Project\\STM32F0xx_StdPeriph_Templates\\MDK-ARM\\STM320518\\STM320518-EVAL.axf" 
Erase Done.
Programming Done.
Verify OK.
Build target 'STM320518-EVAL'
compiling main.cpp...
..\main.cpp(37): warning:  #177-D: function "USART1waitForTransmit" was declared but never referenced
..\main.cpp(59): warning:  #177-D: function "USART1print(std::uint8_t)" was declared but never referenced
..\main.cpp(63): warning:  #177-D: function "put" was declared but never referenced
..\main.cpp(67): warning:  #177-D: function "print" was declared but never referenced
..\main.cpp(93): warning:  #177-D: function "USART1println(std::uint8_t)" was declared but never referenced
..\main.cpp(73): warning:  #177-D: function "USART1println(std::int16_t)" was declared but never referenced
..\main.cpp(103): warning:  #177-D: function "USART1available" was declared but never referenced
..\main.cpp(107): warning:  #177-D: function "USART1read" was declared but never referenced
linking...
Program Size: Code=2180 RO-data=228 RW-data=32 ZI-data=1056  
".\STM320518\STM320518-EVAL.axf" - 0 Error(s), 8 Warning(s).
Load "D:\\STMCode\\Template\\Project\\STM32F0xx_StdPeriph_Templates\\MDK-ARM\\STM320518\\STM320518-EVAL.axf" 
Erase Done.
Programming Done.
Verify OK.
Build target 'STM320518-EVAL'
compiling main.cpp...
..\main.cpp(37): warning:  #177-D: function "USART1waitForTransmit" was declared but never referenced
..\main.cpp(59): warning:  #177-D: function "USART1print(std::uint8_t)" was declared but never referenced
..\main.cpp(63): warning:  #177-D: function "put" was declared but never referenced
..\main.cpp(67): warning:  #177-D: function "print" was declared but never referenced
..\main.cpp(93): warning:  #177-D: function "USART1println(std::uint8_t)" was declared but never referenced
..\main.cpp(73): warning:  #177-D: function "USART1println(std::int16_t)" was declared but never referenced
..\main.cpp(103): warning:  #177-D: function "USART1available" was declared but never referenced
..\main.cpp(107): warning:  #177-D: function "USART1read" was declared but never referenced
linking...
Program Size: Code=2180 RO-data=228 RW-data=32 ZI-data=1056  
".\STM320518\STM320518-EVAL.axf" - 0 Error(s), 8 Warning(s).
Load "D:\\STMCode\\Template\\Project\\STM32F0xx_StdPeriph_Templates\\MDK-ARM\\STM320518\\STM320518-EVAL.axf" 
Build target 'STM320518-EVAL'
linking...
Program Size: Code=2180 RO-data=228 RW-data=32 ZI-data=1056  
".\STM320518\STM320518-EVAL.axf" - 0 Error(s), 0 Warning(s).
Load "D:\\STMCode\\Template\\Project\\STM32F0xx_StdPeriph_Templates\\MDK-ARM\\STM320518\\STM320518-EVAL.axf" 
Erase Done.
Programming Done.
Verify OK.
